[debug] [2024-11-01T00:04:24.460Z] ----------------------------------------------------------------------
[debug] [2024-11-01T00:04:24.466Z] Command:       C:\Program Files\nodejs\node.exe C:\Users\manup\AppData\Roaming\npm\node_modules\firebase-tools\lib\bin\firebase.js deploy --only functions
[debug] [2024-11-01T00:04:24.467Z] CLI Version:   13.23.1
[debug] [2024-11-01T00:04:24.467Z] Platform:      win32
[debug] [2024-11-01T00:04:24.467Z] Node Version:  v20.16.0
[debug] [2024-11-01T00:04:24.467Z] Time:          Thu Oct 31 2024 19:04:24 GMT-0500 (hora estándar de Colombia)
[debug] [2024-11-01T00:04:24.468Z] ----------------------------------------------------------------------
[debug] 
[debug] [2024-11-01T00:04:24.559Z] > command requires scopes: ["email","openid","https://www.googleapis.com/auth/cloudplatformprojects.readonly","https://www.googleapis.com/auth/firebase","https://www.googleapis.com/auth/cloud-platform"]
[debug] [2024-11-01T00:04:24.559Z] > authorizing via signed-in user (juansebass27@gmail.com)
[debug] [2024-11-01T00:04:24.560Z] [iam] checking project mercadolibree-c8db5 for permissions ["cloudfunctions.functions.create","cloudfunctions.functions.delete","cloudfunctions.functions.get","cloudfunctions.functions.list","cloudfunctions.functions.update","cloudfunctions.operations.get","firebase.projects.get"]
[debug] [2024-11-01T00:04:24.561Z] Checked if tokens are valid: true, expires at: 1730423007454
[debug] [2024-11-01T00:04:24.562Z] Checked if tokens are valid: true, expires at: 1730423007454
[debug] [2024-11-01T00:04:24.563Z] >>> [apiv2][query] POST https://cloudresourcemanager.googleapis.com/v1/projects/mercadolibree-c8db5:testIamPermissions [none]
[debug] [2024-11-01T00:04:24.563Z] >>> [apiv2][(partial)header] POST https://cloudresourcemanager.googleapis.com/v1/projects/mercadolibree-c8db5:testIamPermissions x-goog-quota-user=projects/mercadolibree-c8db5
[debug] [2024-11-01T00:04:24.563Z] >>> [apiv2][body] POST https://cloudresourcemanager.googleapis.com/v1/projects/mercadolibree-c8db5:testIamPermissions {"permissions":["cloudfunctions.functions.create","cloudfunctions.functions.delete","cloudfunctions.functions.get","cloudfunctions.functions.list","cloudfunctions.functions.update","cloudfunctions.operations.get","firebase.projects.get"]}
[debug] [2024-11-01T00:04:25.143Z] <<< [apiv2][status] POST https://cloudresourcemanager.googleapis.com/v1/projects/mercadolibree-c8db5:testIamPermissions 200
[debug] [2024-11-01T00:04:25.143Z] <<< [apiv2][body] POST https://cloudresourcemanager.googleapis.com/v1/projects/mercadolibree-c8db5:testIamPermissions {"permissions":["cloudfunctions.functions.create","cloudfunctions.functions.delete","cloudfunctions.functions.get","cloudfunctions.functions.list","cloudfunctions.functions.update","cloudfunctions.operations.get","firebase.projects.get"]}
[debug] [2024-11-01T00:04:25.143Z] Checked if tokens are valid: true, expires at: 1730423007454
[debug] [2024-11-01T00:04:25.144Z] Checked if tokens are valid: true, expires at: 1730423007454
[debug] [2024-11-01T00:04:25.144Z] >>> [apiv2][query] POST https://iam.googleapis.com/v1/projects/mercadolibree-c8db5/serviceAccounts/mercadolibree-c8db5@appspot.gserviceaccount.com:testIamPermissions [none]
[debug] [2024-11-01T00:04:25.144Z] >>> [apiv2][body] POST https://iam.googleapis.com/v1/projects/mercadolibree-c8db5/serviceAccounts/mercadolibree-c8db5@appspot.gserviceaccount.com:testIamPermissions {"permissions":["iam.serviceAccounts.actAs"]}
[debug] [2024-11-01T00:04:25.579Z] <<< [apiv2][status] POST https://iam.googleapis.com/v1/projects/mercadolibree-c8db5/serviceAccounts/mercadolibree-c8db5@appspot.gserviceaccount.com:testIamPermissions 200
[debug] [2024-11-01T00:04:25.579Z] <<< [apiv2][body] POST https://iam.googleapis.com/v1/projects/mercadolibree-c8db5/serviceAccounts/mercadolibree-c8db5@appspot.gserviceaccount.com:testIamPermissions {"permissions":["iam.serviceAccounts.actAs"]}
[info] 
[info] === Deploying to 'mercadolibree-c8db5'...
[info] 
[info] i  deploying functions 
[info] +  functions: Finished running predeploy script. 
[debug] [2024-11-01T00:04:25.585Z] Checked if tokens are valid: true, expires at: 1730423007454
[debug] [2024-11-01T00:04:25.585Z] Checked if tokens are valid: true, expires at: 1730423007454
[debug] [2024-11-01T00:04:25.586Z] >>> [apiv2][query] GET https://firebase.googleapis.com/v1beta1/projects/mercadolibree-c8db5 [none]
[debug] [2024-11-01T00:04:25.949Z] <<< [apiv2][status] GET https://firebase.googleapis.com/v1beta1/projects/mercadolibree-c8db5 200
[debug] [2024-11-01T00:04:25.949Z] <<< [apiv2][body] GET https://firebase.googleapis.com/v1beta1/projects/mercadolibree-c8db5 {"projectId":"mercadolibree-c8db5","projectNumber":"278341544916","displayName":"MercadoLibree","name":"projects/mercadolibree-c8db5","resources":{"hostingSite":"mercadolibree-c8db5","realtimeDatabaseInstance":"mercadolibree-c8db5-default-rtdb","storageBucket":"mercadolibree-c8db5.appspot.com","locationId":"us-central"},"state":"ACTIVE","etag":"1_af50a9ad-2f6e-4b70-be75-c65da87817bc"}
[info] i  functions: preparing codebase default for deployment 
[info] i  functions: ensuring required API cloudfunctions.googleapis.com is enabled... 
[debug] [2024-11-01T00:04:25.951Z] Checked if tokens are valid: true, expires at: 1730423007454
[debug] [2024-11-01T00:04:25.951Z] Checked if tokens are valid: true, expires at: 1730423007454
[debug] [2024-11-01T00:04:25.951Z] Checked if tokens are valid: true, expires at: 1730423007454
[debug] [2024-11-01T00:04:25.951Z] Checked if tokens are valid: true, expires at: 1730423007454
[info] i  functions: ensuring required API cloudbuild.googleapis.com is enabled... 
[debug] [2024-11-01T00:04:25.952Z] Checked if tokens are valid: true, expires at: 1730423007454
[debug] [2024-11-01T00:04:25.952Z] Checked if tokens are valid: true, expires at: 1730423007454
[info] i  artifactregistry: ensuring required API artifactregistry.googleapis.com is enabled... 
[debug] [2024-11-01T00:04:25.953Z] Checked if tokens are valid: true, expires at: 1730423007454
[debug] [2024-11-01T00:04:25.953Z] Checked if tokens are valid: true, expires at: 1730423007454
[debug] [2024-11-01T00:04:25.953Z] >>> [apiv2][query] GET https://serviceusage.googleapis.com/v1/projects/mercadolibree-c8db5/services/cloudfunctions.googleapis.com [none]
[debug] [2024-11-01T00:04:25.953Z] >>> [apiv2][(partial)header] GET https://serviceusage.googleapis.com/v1/projects/mercadolibree-c8db5/services/cloudfunctions.googleapis.com x-goog-quota-user=projects/mercadolibree-c8db5
[debug] [2024-11-01T00:04:25.955Z] >>> [apiv2][query] GET https://serviceusage.googleapis.com/v1/projects/mercadolibree-c8db5/services/runtimeconfig.googleapis.com [none]
[debug] [2024-11-01T00:04:25.955Z] >>> [apiv2][(partial)header] GET https://serviceusage.googleapis.com/v1/projects/mercadolibree-c8db5/services/runtimeconfig.googleapis.com x-goog-quota-user=projects/mercadolibree-c8db5
[debug] [2024-11-01T00:04:25.957Z] >>> [apiv2][query] GET https://serviceusage.googleapis.com/v1/projects/mercadolibree-c8db5/services/cloudbuild.googleapis.com [none]
[debug] [2024-11-01T00:04:25.958Z] >>> [apiv2][(partial)header] GET https://serviceusage.googleapis.com/v1/projects/mercadolibree-c8db5/services/cloudbuild.googleapis.com x-goog-quota-user=projects/mercadolibree-c8db5
[debug] [2024-11-01T00:04:25.959Z] >>> [apiv2][query] GET https://serviceusage.googleapis.com/v1/projects/mercadolibree-c8db5/services/artifactregistry.googleapis.com [none]
[debug] [2024-11-01T00:04:25.960Z] >>> [apiv2][(partial)header] GET https://serviceusage.googleapis.com/v1/projects/mercadolibree-c8db5/services/artifactregistry.googleapis.com x-goog-quota-user=projects/mercadolibree-c8db5
[debug] [2024-11-01T00:04:26.620Z] <<< [apiv2][status] GET https://serviceusage.googleapis.com/v1/projects/mercadolibree-c8db5/services/runtimeconfig.googleapis.com 200
[debug] [2024-11-01T00:04:26.620Z] <<< [apiv2][body] GET https://serviceusage.googleapis.com/v1/projects/mercadolibree-c8db5/services/runtimeconfig.googleapis.com [omitted]
[debug] [2024-11-01T00:04:26.633Z] <<< [apiv2][status] GET https://serviceusage.googleapis.com/v1/projects/mercadolibree-c8db5/services/cloudfunctions.googleapis.com 200
[debug] [2024-11-01T00:04:26.633Z] <<< [apiv2][body] GET https://serviceusage.googleapis.com/v1/projects/mercadolibree-c8db5/services/cloudfunctions.googleapis.com [omitted]
[info] +  functions: required API cloudfunctions.googleapis.com is enabled 
[debug] [2024-11-01T00:04:26.634Z] <<< [apiv2][status] GET https://serviceusage.googleapis.com/v1/projects/mercadolibree-c8db5/services/cloudbuild.googleapis.com 200
[debug] [2024-11-01T00:04:26.635Z] <<< [apiv2][body] GET https://serviceusage.googleapis.com/v1/projects/mercadolibree-c8db5/services/cloudbuild.googleapis.com [omitted]
[info] +  functions: required API cloudbuild.googleapis.com is enabled 
[debug] [2024-11-01T00:04:26.642Z] <<< [apiv2][status] GET https://serviceusage.googleapis.com/v1/projects/mercadolibree-c8db5/services/artifactregistry.googleapis.com 200
[debug] [2024-11-01T00:04:26.642Z] <<< [apiv2][body] GET https://serviceusage.googleapis.com/v1/projects/mercadolibree-c8db5/services/artifactregistry.googleapis.com [omitted]
[info] +  artifactregistry: required API artifactregistry.googleapis.com is enabled 
[debug] [2024-11-01T00:04:26.643Z] Checked if tokens are valid: true, expires at: 1730423007454
[debug] [2024-11-01T00:04:26.643Z] Checked if tokens are valid: true, expires at: 1730423007454
[debug] [2024-11-01T00:04:26.643Z] >>> [apiv2][query] GET https://firebase.googleapis.com/v1beta1/projects/mercadolibree-c8db5/adminSdkConfig [none]
[debug] [2024-11-01T00:04:27.039Z] <<< [apiv2][status] GET https://firebase.googleapis.com/v1beta1/projects/mercadolibree-c8db5/adminSdkConfig 200
[debug] [2024-11-01T00:04:27.040Z] <<< [apiv2][body] GET https://firebase.googleapis.com/v1beta1/projects/mercadolibree-c8db5/adminSdkConfig {"projectId":"mercadolibree-c8db5","databaseURL":"https://mercadolibree-c8db5-default-rtdb.firebaseio.com","storageBucket":"mercadolibree-c8db5.appspot.com","locationId":"us-central"}
[debug] [2024-11-01T00:04:27.040Z] Checked if tokens are valid: true, expires at: 1730423007454
[debug] [2024-11-01T00:04:27.040Z] Checked if tokens are valid: true, expires at: 1730423007454
[debug] [2024-11-01T00:04:27.040Z] >>> [apiv2][query] GET https://runtimeconfig.googleapis.com/v1beta1/projects/mercadolibree-c8db5/configs [none]
[debug] [2024-11-01T00:04:27.269Z] <<< [apiv2][status] GET https://runtimeconfig.googleapis.com/v1beta1/projects/mercadolibree-c8db5/configs 200
[debug] [2024-11-01T00:04:27.270Z] <<< [apiv2][body] GET https://runtimeconfig.googleapis.com/v1beta1/projects/mercadolibree-c8db5/configs {}
[debug] [2024-11-01T00:04:27.271Z] Validating nodejs source
[debug] [2024-11-01T00:04:28.692Z] > [functions] package.json contents: {
  "name": "functions",
  "description": "Cloud Functions for Firebase",
  "scripts": {
    "lint": "eslint .",
    "serve": "firebase emulators:start --only functions",
    "shell": "firebase functions:shell",
    "start": "npm run shell",
    "deploy": "firebase deploy --only functions",
    "logs": "firebase functions:log"
  },
  "engines": {
    "node": "18"
  },
  "main": "index.js",
  "dependencies": {
    "axios": "^1.7.7",
    "cors": "^2.8.5",
    "express": "^4.21.1",
    "firebase-admin": "^12.6.0",
    "firebase-functions": "^6.0.1",
    "mercadopago": "^2.0.15"
  },
  "devDependencies": {
    "eslint": "^8.15.0",
    "eslint-config-google": "^0.14.0",
    "firebase-functions-test": "^3.1.0"
  },
  "private": true
}
[debug] [2024-11-01T00:04:28.693Z] Building nodejs source
[info] i  functions: Loading and analyzing source code for codebase default to determine what to deploy 
[debug] [2024-11-01T00:04:28.694Z] Could not find functions.yaml. Must use http discovery
[debug] [2024-11-01T00:04:28.704Z] Found firebase-functions binary at 'C:\ProyectoFinal\MercadoLibree\functions\node_modules\.bin\firebase-functions'
[info] Serving at port 8516

[debug] [2024-11-01T00:04:29.691Z] Got response from /__/functions.yaml {"endpoints":{"api":{"availableMemoryMb":null,"timeoutSeconds":null,"minInstances":null,"maxInstances":null,"ingressSettings":null,"concurrency":null,"serviceAccountEmail":null,"vpc":null,"platform":"gcfv2","labels":{},"httpsTrigger":{},"entryPoint":"api"}},"specVersion":"v1alpha1","requiredAPIs":[],"extensions":{}}
[info] i  extensions: ensuring required API firebaseextensions.googleapis.com is enabled... 
[debug] [2024-11-01T00:04:34.741Z] Checked if tokens are valid: true, expires at: 1730423007454
[debug] [2024-11-01T00:04:34.741Z] Checked if tokens are valid: true, expires at: 1730423007454
[debug] [2024-11-01T00:04:34.741Z] >>> [apiv2][query] GET https://serviceusage.googleapis.com/v1/projects/mercadolibree-c8db5/services/firebaseextensions.googleapis.com [none]
[debug] [2024-11-01T00:04:34.741Z] >>> [apiv2][(partial)header] GET https://serviceusage.googleapis.com/v1/projects/mercadolibree-c8db5/services/firebaseextensions.googleapis.com x-goog-quota-user=projects/mercadolibree-c8db5
[debug] [2024-11-01T00:04:35.430Z] <<< [apiv2][status] GET https://serviceusage.googleapis.com/v1/projects/mercadolibree-c8db5/services/firebaseextensions.googleapis.com 200
[debug] [2024-11-01T00:04:35.430Z] <<< [apiv2][body] GET https://serviceusage.googleapis.com/v1/projects/mercadolibree-c8db5/services/firebaseextensions.googleapis.com [omitted]
[info] +  extensions: required API firebaseextensions.googleapis.com is enabled 
[debug] [2024-11-01T00:04:35.430Z] > command requires scopes: ["email","openid","https://www.googleapis.com/auth/cloudplatformprojects.readonly","https://www.googleapis.com/auth/firebase","https://www.googleapis.com/auth/cloud-platform"]
[debug] [2024-11-01T00:04:35.431Z] > authorizing via signed-in user (juansebass27@gmail.com)
[debug] [2024-11-01T00:04:35.431Z] [iam] checking project mercadolibree-c8db5 for permissions ["firebase.projects.get","firebaseextensions.instances.list"]
[debug] [2024-11-01T00:04:35.431Z] Checked if tokens are valid: true, expires at: 1730423007454
[debug] [2024-11-01T00:04:35.431Z] Checked if tokens are valid: true, expires at: 1730423007454
[debug] [2024-11-01T00:04:35.431Z] >>> [apiv2][query] POST https://cloudresourcemanager.googleapis.com/v1/projects/mercadolibree-c8db5:testIamPermissions [none]
[debug] [2024-11-01T00:04:35.431Z] >>> [apiv2][(partial)header] POST https://cloudresourcemanager.googleapis.com/v1/projects/mercadolibree-c8db5:testIamPermissions x-goog-quota-user=projects/mercadolibree-c8db5
[debug] [2024-11-01T00:04:35.431Z] >>> [apiv2][body] POST https://cloudresourcemanager.googleapis.com/v1/projects/mercadolibree-c8db5:testIamPermissions {"permissions":["firebase.projects.get","firebaseextensions.instances.list"]}
[debug] [2024-11-01T00:04:35.919Z] <<< [apiv2][status] POST https://cloudresourcemanager.googleapis.com/v1/projects/mercadolibree-c8db5:testIamPermissions 200
[debug] [2024-11-01T00:04:35.919Z] <<< [apiv2][body] POST https://cloudresourcemanager.googleapis.com/v1/projects/mercadolibree-c8db5:testIamPermissions {"permissions":["firebase.projects.get","firebaseextensions.instances.list"]}
[debug] [2024-11-01T00:04:35.919Z] Checked if tokens are valid: true, expires at: 1730423007454
[debug] [2024-11-01T00:04:35.919Z] Checked if tokens are valid: true, expires at: 1730423007454
[debug] [2024-11-01T00:04:35.920Z] >>> [apiv2][query] GET https://firebaseextensions.googleapis.com/v1beta/projects/mercadolibree-c8db5/instances pageSize=100&pageToken=
[debug] [2024-11-01T00:04:36.669Z] <<< [apiv2][status] GET https://firebaseextensions.googleapis.com/v1beta/projects/mercadolibree-c8db5/instances 200
[debug] [2024-11-01T00:04:36.669Z] <<< [apiv2][body] GET https://firebaseextensions.googleapis.com/v1beta/projects/mercadolibree-c8db5/instances {}
[info] i  functions: preparing functions directory for uploading... 
[info] i  functions: packaged C:\ProyectoFinal\MercadoLibree\functions (71.67 KB) for uploading 
[debug] [2024-11-01T00:04:36.769Z] Checked if tokens are valid: true, expires at: 1730423007454
[debug] [2024-11-01T00:04:36.769Z] Checked if tokens are valid: true, expires at: 1730423007454
[debug] [2024-11-01T00:04:36.770Z] >>> [apiv2][query] GET https://cloudfunctions.googleapis.com/v1/projects/mercadolibree-c8db5/locations/-/functions [none]
[debug] [2024-11-01T00:04:37.621Z] <<< [apiv2][status] GET https://cloudfunctions.googleapis.com/v1/projects/mercadolibree-c8db5/locations/-/functions 200
[debug] [2024-11-01T00:04:37.621Z] <<< [apiv2][body] GET https://cloudfunctions.googleapis.com/v1/projects/mercadolibree-c8db5/locations/-/functions {}
[debug] [2024-11-01T00:04:37.622Z] Checked if tokens are valid: true, expires at: 1730423007454
[debug] [2024-11-01T00:04:37.622Z] Checked if tokens are valid: true, expires at: 1730423007454
[debug] [2024-11-01T00:04:37.622Z] >>> [apiv2][query] GET https://cloudfunctions.googleapis.com/v2/projects/mercadolibree-c8db5/locations/-/functions filter=environment%3D%22GEN_2%22
[debug] [2024-11-01T00:04:38.130Z] <<< [apiv2][status] GET https://cloudfunctions.googleapis.com/v2/projects/mercadolibree-c8db5/locations/-/functions 200
[debug] [2024-11-01T00:04:38.131Z] <<< [apiv2][body] GET https://cloudfunctions.googleapis.com/v2/projects/mercadolibree-c8db5/locations/-/functions {"functions":[{"name":"projects/mercadolibree-c8db5/locations/us-central1/functions/api","buildConfig":{"build":"projects/278341544916/locations/us-central1/builds/e9e5e5e1-3ea2-4957-a5da-88252e5c97d3","runtime":"nodejs18","entryPoint":"api","source":{"storageSource":{"bucket":"gcf-v2-sources-278341544916-us-central1","object":"api/function-source.zip","generation":"1730416673885732"}},"environmentVariables":{"GOOGLE_NODE_RUN_SCRIPTS":""},"dockerRepository":"projects/mercadolibree-c8db5/locations/us-central1/repositories/gcf-artifacts","sourceProvenance":{"resolvedStorageSource":{"bucket":"gcf-v2-sources-278341544916-us-central1","object":"api/function-source.zip","generation":"1730416673885732"}},"dockerRegistry":"ARTIFACT_REGISTRY","serviceAccount":"projects/mercadolibree-c8db5/serviceAccounts/278341544916-compute@developer.gserviceaccount.com","automaticUpdatePolicy":{}},"serviceConfig":{"service":"projects/mercadolibree-c8db5/locations/us-central1/services/api","timeoutSeconds":60,"environmentVariables":{"FIREBASE_CONFIG":"{\"projectId\":\"mercadolibree-c8db5\",\"databaseURL\":\"https://mercadolibree-c8db5-default-rtdb.firebaseio.com\",\"storageBucket\":\"mercadolibree-c8db5.appspot.com\",\"locationId\":\"us-central\"}","GCLOUD_PROJECT":"mercadolibree-c8db5","EVENTARC_CLOUD_EVENT_SOURCE":"projects/mercadolibree-c8db5/locations/us-central1/services/api","FUNCTION_TARGET":"api","LOG_EXECUTION_ID":"true"},"maxInstanceCount":3,"ingressSettings":"ALLOW_ALL","uri":"https://api-qogssigufq-uc.a.run.app","serviceAccountEmail":"278341544916-compute@developer.gserviceaccount.com","availableMemory":"256Mi","allTrafficOnLatestRevision":true,"revision":"api-00001-qid","maxInstanceRequestConcurrency":80,"availableCpu":"1"},"state":"ACTIVE","updateTime":"2024-10-31T23:18:48.520243215Z","labels":{"deployment-tool":"cli-firebase","firebase-functions-hash":"d833e9201f23c0cf87b6b6cb11255b3ba915a3cf"},"environment":"GEN_2","url":"https://us-central1-mercadolibree-c8db5.cloudfunctions.net/api","createTime":"2024-10-31T23:02:51.523040018Z"}]}
[info] i  functions: ensuring required API run.googleapis.com is enabled... 
[debug] [2024-11-01T00:04:38.134Z] Checked if tokens are valid: true, expires at: 1730423007454
[debug] [2024-11-01T00:04:38.134Z] Checked if tokens are valid: true, expires at: 1730423007454
[info] i  functions: ensuring required API eventarc.googleapis.com is enabled... 
[debug] [2024-11-01T00:04:38.135Z] Checked if tokens are valid: true, expires at: 1730423007454
[debug] [2024-11-01T00:04:38.135Z] Checked if tokens are valid: true, expires at: 1730423007454
[info] i  functions: ensuring required API pubsub.googleapis.com is enabled... 
[debug] [2024-11-01T00:04:38.135Z] Checked if tokens are valid: true, expires at: 1730423007454
[debug] [2024-11-01T00:04:38.135Z] Checked if tokens are valid: true, expires at: 1730423007454
[info] i  functions: ensuring required API storage.googleapis.com is enabled... 
[debug] [2024-11-01T00:04:38.136Z] Checked if tokens are valid: true, expires at: 1730423007454
[debug] [2024-11-01T00:04:38.136Z] Checked if tokens are valid: true, expires at: 1730423007454
[debug] [2024-11-01T00:04:38.136Z] >>> [apiv2][query] GET https://serviceusage.googleapis.com/v1/projects/mercadolibree-c8db5/services/run.googleapis.com [none]
[debug] [2024-11-01T00:04:38.136Z] >>> [apiv2][(partial)header] GET https://serviceusage.googleapis.com/v1/projects/mercadolibree-c8db5/services/run.googleapis.com x-goog-quota-user=projects/mercadolibree-c8db5
[debug] [2024-11-01T00:04:38.137Z] >>> [apiv2][query] GET https://serviceusage.googleapis.com/v1/projects/mercadolibree-c8db5/services/eventarc.googleapis.com [none]
[debug] [2024-11-01T00:04:38.137Z] >>> [apiv2][(partial)header] GET https://serviceusage.googleapis.com/v1/projects/mercadolibree-c8db5/services/eventarc.googleapis.com x-goog-quota-user=projects/mercadolibree-c8db5
[debug] [2024-11-01T00:04:38.139Z] >>> [apiv2][query] GET https://serviceusage.googleapis.com/v1/projects/mercadolibree-c8db5/services/pubsub.googleapis.com [none]
[debug] [2024-11-01T00:04:38.139Z] >>> [apiv2][(partial)header] GET https://serviceusage.googleapis.com/v1/projects/mercadolibree-c8db5/services/pubsub.googleapis.com x-goog-quota-user=projects/mercadolibree-c8db5
[debug] [2024-11-01T00:04:38.140Z] >>> [apiv2][query] GET https://serviceusage.googleapis.com/v1/projects/mercadolibree-c8db5/services/storage.googleapis.com [none]
[debug] [2024-11-01T00:04:38.141Z] >>> [apiv2][(partial)header] GET https://serviceusage.googleapis.com/v1/projects/mercadolibree-c8db5/services/storage.googleapis.com x-goog-quota-user=projects/mercadolibree-c8db5
[debug] [2024-11-01T00:04:38.731Z] <<< [apiv2][status] GET https://serviceusage.googleapis.com/v1/projects/mercadolibree-c8db5/services/run.googleapis.com 200
[debug] [2024-11-01T00:04:38.731Z] <<< [apiv2][body] GET https://serviceusage.googleapis.com/v1/projects/mercadolibree-c8db5/services/run.googleapis.com [omitted]
[info] +  functions: required API run.googleapis.com is enabled 
[debug] [2024-11-01T00:04:38.812Z] <<< [apiv2][status] GET https://serviceusage.googleapis.com/v1/projects/mercadolibree-c8db5/services/pubsub.googleapis.com 200
[debug] [2024-11-01T00:04:38.812Z] <<< [apiv2][body] GET https://serviceusage.googleapis.com/v1/projects/mercadolibree-c8db5/services/pubsub.googleapis.com [omitted]
[info] +  functions: required API pubsub.googleapis.com is enabled 
[debug] [2024-11-01T00:04:38.821Z] <<< [apiv2][status] GET https://serviceusage.googleapis.com/v1/projects/mercadolibree-c8db5/services/storage.googleapis.com 200
[debug] [2024-11-01T00:04:38.821Z] <<< [apiv2][body] GET https://serviceusage.googleapis.com/v1/projects/mercadolibree-c8db5/services/storage.googleapis.com [omitted]
[info] +  functions: required API storage.googleapis.com is enabled 
[debug] [2024-11-01T00:04:38.832Z] <<< [apiv2][status] GET https://serviceusage.googleapis.com/v1/projects/mercadolibree-c8db5/services/eventarc.googleapis.com 200
[debug] [2024-11-01T00:04:38.832Z] <<< [apiv2][body] GET https://serviceusage.googleapis.com/v1/projects/mercadolibree-c8db5/services/eventarc.googleapis.com [omitted]
[info] +  functions: required API eventarc.googleapis.com is enabled 
[info] i  functions: generating the service identity for pubsub.googleapis.com... 
[debug] [2024-11-01T00:04:38.834Z] Checked if tokens are valid: true, expires at: 1730423007454
[debug] [2024-11-01T00:04:38.834Z] Checked if tokens are valid: true, expires at: 1730423007454
[info] i  functions: generating the service identity for eventarc.googleapis.com... 
[debug] [2024-11-01T00:04:38.834Z] Checked if tokens are valid: true, expires at: 1730423007454
[debug] [2024-11-01T00:04:38.834Z] Checked if tokens are valid: true, expires at: 1730423007454
[debug] [2024-11-01T00:04:38.835Z] >>> [apiv2][query] POST https://serviceusage.googleapis.com/v1beta1/projects/278341544916/services/pubsub.googleapis.com:generateServiceIdentity [none]
[debug] [2024-11-01T00:04:38.835Z] >>> [apiv2][query] POST https://serviceusage.googleapis.com/v1beta1/projects/278341544916/services/eventarc.googleapis.com:generateServiceIdentity [none]
[debug] [2024-11-01T00:04:39.511Z] <<< [apiv2][status] POST https://serviceusage.googleapis.com/v1beta1/projects/278341544916/services/eventarc.googleapis.com:generateServiceIdentity 200
[debug] [2024-11-01T00:04:39.511Z] <<< [apiv2][body] POST https://serviceusage.googleapis.com/v1beta1/projects/278341544916/services/eventarc.googleapis.com:generateServiceIdentity {"name":"operations/finished.DONE_OPERATION","done":true,"response":{"@type":"type.googleapis.com/google.api.serviceusage.v1beta1.ServiceIdentity","email":"service-278341544916@gcp-sa-eventarc.iam.gserviceaccount.com","uniqueId":"107421997652685765705"}}
[debug] [2024-11-01T00:04:39.572Z] <<< [apiv2][status] POST https://serviceusage.googleapis.com/v1beta1/projects/278341544916/services/pubsub.googleapis.com:generateServiceIdentity 200
[debug] [2024-11-01T00:04:39.572Z] <<< [apiv2][body] POST https://serviceusage.googleapis.com/v1beta1/projects/278341544916/services/pubsub.googleapis.com:generateServiceIdentity {"name":"operations/finished.DONE_OPERATION","done":true,"response":{"@type":"type.googleapis.com/google.api.serviceusage.v1beta1.ServiceIdentity","email":"service-278341544916@gcp-sa-pubsub.iam.gserviceaccount.com","uniqueId":"100695035576683911180"}}
[debug] [2024-11-01T00:04:39.574Z] Checked if tokens are valid: true, expires at: 1730423007454
[debug] [2024-11-01T00:04:39.574Z] Checked if tokens are valid: true, expires at: 1730423007454
[debug] [2024-11-01T00:04:39.574Z] >>> [apiv2][query] GET https://firebase.googleapis.com/v1beta1/projects/mercadolibree-c8db5 [none]
[debug] [2024-11-01T00:04:39.942Z] <<< [apiv2][status] GET https://firebase.googleapis.com/v1beta1/projects/mercadolibree-c8db5 200
[debug] [2024-11-01T00:04:39.942Z] <<< [apiv2][body] GET https://firebase.googleapis.com/v1beta1/projects/mercadolibree-c8db5 {"projectId":"mercadolibree-c8db5","projectNumber":"278341544916","displayName":"MercadoLibree","name":"projects/mercadolibree-c8db5","resources":{"hostingSite":"mercadolibree-c8db5","realtimeDatabaseInstance":"mercadolibree-c8db5-default-rtdb","storageBucket":"mercadolibree-c8db5.appspot.com","locationId":"us-central"},"state":"ACTIVE","etag":"1_af50a9ad-2f6e-4b70-be75-c65da87817bc"}
[debug] [2024-11-01T00:04:39.943Z] Checked if tokens are valid: true, expires at: 1730423007454
[debug] [2024-11-01T00:04:39.943Z] Checked if tokens are valid: true, expires at: 1730423007454
[debug] [2024-11-01T00:04:39.943Z] >>> [apiv2][query] GET https://cloudbilling.googleapis.com/v1/projects/mercadolibree-c8db5/billingInfo [none]
[debug] [2024-11-01T00:04:40.462Z] <<< [apiv2][status] GET https://cloudbilling.googleapis.com/v1/projects/mercadolibree-c8db5/billingInfo 200
[debug] [2024-11-01T00:04:40.463Z] <<< [apiv2][body] GET https://cloudbilling.googleapis.com/v1/projects/mercadolibree-c8db5/billingInfo {"name":"projects/mercadolibree-c8db5/billingInfo","projectId":"mercadolibree-c8db5","billingAccountName":"billingAccounts/012831-F9AE92-B084EB","billingEnabled":true}
[debug] [2024-11-01T00:04:40.464Z] Checked if tokens are valid: true, expires at: 1730423007454
[debug] [2024-11-01T00:04:40.464Z] Checked if tokens are valid: true, expires at: 1730423007454
[debug] [2024-11-01T00:04:40.465Z] >>> [apiv2][query] POST https://cloudfunctions.googleapis.com/v2/projects/mercadolibree-c8db5/locations/us-central1/functions:generateUploadUrl [none]
[debug] [2024-11-01T00:04:40.905Z] <<< [apiv2][status] POST https://cloudfunctions.googleapis.com/v2/projects/mercadolibree-c8db5/locations/us-central1/functions:generateUploadUrl 200
[debug] [2024-11-01T00:04:40.906Z] <<< [apiv2][body] POST https://cloudfunctions.googleapis.com/v2/projects/mercadolibree-c8db5/locations/us-central1/functions:generateUploadUrl {"uploadUrl":"https://storage.googleapis.com/gcf-v2-uploads-278341544916-us-central1/be65bf34-52e0-40c2-97eb-8348bcacd36c.zip?GoogleAccessId=service-278341544916@gcf-admin-robot.iam.gserviceaccount.com&Expires=1730421281&Signature=h10iZmizJPpV2zV2AjhH%2FinWrhcHA%2BgDi1p8X2xkwIfjMGKvkJlaUvXnQNXMnnYyoVR9xB8sHF%2FLC8F1IZ6tl4u7nozNzKFDTnEKruE3tETn2Lm24YLAHd77zj2URGrSQcK3XzRXzqfzg%2FcMt0wLpi9pNt3%2FDUvdrkEXFVC9fHjhd1LGpAWiDR7t7jjxjAifYh1%2FSTk8ZQkdjblJttHBfsQBWjKxuJRBzDAbLVQbLLN2XtAJJgBck4KmkuTg4SCF8an306UqUxh4%2FJR0iRxZky5YthesP3NSkxXeFa4y0ptrA%2Ftgu7LG%2F%2BvnvSwBvC6NqmfRqg5XdZU%2FsNYZJTzevg%3D%3D","storageSource":{"bucket":"gcf-v2-uploads-278341544916-us-central1","object":"be65bf34-52e0-40c2-97eb-8348bcacd36c.zip"}}
[debug] [2024-11-01T00:04:40.909Z] >>> [apiv2][query] PUT https://storage.googleapis.com/gcf-v2-uploads-278341544916-us-central1/be65bf34-52e0-40c2-97eb-8348bcacd36c.zip GoogleAccessId=service-278341544916%40gcf-admin-robot.iam.gserviceaccount.com&Expires=1730421281&Signature=h10iZmizJPpV2zV2AjhH%2FinWrhcHA%2BgDi1p8X2xkwIfjMGKvkJlaUvXnQNXMnnYyoVR9xB8sHF%2FLC8F1IZ6tl4u7nozNzKFDTnEKruE3tETn2Lm24YLAHd77zj2URGrSQcK3XzRXzqfzg%2FcMt0wLpi9pNt3%2FDUvdrkEXFVC9fHjhd1LGpAWiDR7t7jjxjAifYh1%2FSTk8ZQkdjblJttHBfsQBWjKxuJRBzDAbLVQbLLN2XtAJJgBck4KmkuTg4SCF8an306UqUxh4%2FJR0iRxZky5YthesP3NSkxXeFa4y0ptrA%2Ftgu7LG%2F%2BvnvSwBvC6NqmfRqg5XdZU%2FsNYZJTzevg%3D%3D
[debug] [2024-11-01T00:04:40.910Z] >>> [apiv2][body] PUT https://storage.googleapis.com/gcf-v2-uploads-278341544916-us-central1/be65bf34-52e0-40c2-97eb-8348bcacd36c.zip [stream]
[debug] [2024-11-01T00:04:41.422Z] <<< [apiv2][status] PUT https://storage.googleapis.com/gcf-v2-uploads-278341544916-us-central1/be65bf34-52e0-40c2-97eb-8348bcacd36c.zip 200
[debug] [2024-11-01T00:04:41.422Z] <<< [apiv2][body] PUT https://storage.googleapis.com/gcf-v2-uploads-278341544916-us-central1/be65bf34-52e0-40c2-97eb-8348bcacd36c.zip [omitted]
[info] +  functions: functions folder uploaded successfully 
[info] i  functions: updating Node.js 18 (2nd Gen) function api(us-central1)... 
[debug] [2024-11-01T00:04:41.428Z] Checked if tokens are valid: true, expires at: 1730423007454
[debug] [2024-11-01T00:04:41.428Z] Checked if tokens are valid: true, expires at: 1730423007454
[debug] [2024-11-01T00:04:41.429Z] >>> [apiv2][query] PATCH https://cloudfunctions.googleapis.com/v2/projects/mercadolibree-c8db5/locations/us-central1/functions/api updateMask=name%2CbuildConfig.runtime%2CbuildConfig.entryPoint%2CbuildConfig.source.storageSource.bucket%2CbuildConfig.source.storageSource.object%2CbuildConfig.environmentVariables%2CbuildConfig.sourceToken%2CserviceConfig.environmentVariables%2CserviceConfig.ingressSettings%2CserviceConfig.timeoutSeconds%2CserviceConfig.serviceAccountEmail%2CserviceConfig.availableMemory%2CserviceConfig.minInstanceCount%2CserviceConfig.maxInstanceCount%2CserviceConfig.maxInstanceRequestConcurrency%2CserviceConfig.availableCpu%2CserviceConfig.vpcConnector%2CserviceConfig.vpcConnectorEgressSettings%2Clabels%2CbuildConfig.buildEnvironmentVariables
[debug] [2024-11-01T00:04:41.429Z] >>> [apiv2][body] PATCH https://cloudfunctions.googleapis.com/v2/projects/mercadolibree-c8db5/locations/us-central1/functions/api {"name":"projects/mercadolibree-c8db5/locations/us-central1/functions/api","buildConfig":{"runtime":"nodejs18","entryPoint":"api","source":{"storageSource":{"bucket":"gcf-v2-uploads-278341544916-us-central1","object":"be65bf34-52e0-40c2-97eb-8348bcacd36c.zip"}},"environmentVariables":{"GOOGLE_NODE_RUN_SCRIPTS":""}},"serviceConfig":{"environmentVariables":{"FIREBASE_CONFIG":"{\"projectId\":\"mercadolibree-c8db5\",\"databaseURL\":\"https://mercadolibree-c8db5-default-rtdb.firebaseio.com\",\"storageBucket\":\"mercadolibree-c8db5.appspot.com\",\"locationId\":\"us-central\"}","GCLOUD_PROJECT":"mercadolibree-c8db5","EVENTARC_CLOUD_EVENT_SOURCE":"projects/mercadolibree-c8db5/locations/us-central1/services/api","FUNCTION_TARGET":"api","LOG_EXECUTION_ID":"true"},"ingressSettings":null,"timeoutSeconds":null,"serviceAccountEmail":null,"availableMemory":"256Mi","minInstanceCount":null,"maxInstanceCount":null,"maxInstanceRequestConcurrency":80,"availableCpu":"1","vpcConnector":null,"vpcConnectorEgressSettings":null},"labels":{"deployment-tool":"cli-firebase","firebase-functions-hash":"afb27e7dd43f9c647c76de522cc229ca7ab7f1ab"}}
[debug] [2024-11-01T00:04:42.595Z] <<< [apiv2][status] PATCH https://cloudfunctions.googleapis.com/v2/projects/mercadolibree-c8db5/locations/us-central1/functions/api 200
[debug] [2024-11-01T00:04:42.595Z] <<< [apiv2][body] PATCH https://cloudfunctions.googleapis.com/v2/projects/mercadolibree-c8db5/locations/us-central1/functions/api {"name":"projects/mercadolibree-c8db5/locations/us-central1/operations/operation-1730419482765-625ceae9527b4-832f0301-719bbd1d","metadata":{"@type":"type.googleapis.com/google.cloud.functions.v2.OperationMetadata","createTime":"2024-11-01T00:04:43.543391109Z","target":"projects/mercadolibree-c8db5/locations/us-central1/functions/api","verb":"update","cancelRequested":false,"apiVersion":"v2"},"done":false}
[debug] [2024-11-01T00:04:42.597Z] Checked if tokens are valid: true, expires at: 1730423007454
[debug] [2024-11-01T00:04:42.597Z] Checked if tokens are valid: true, expires at: 1730423007454
[debug] [2024-11-01T00:04:42.597Z] >>> [apiv2][query] GET https://cloudfunctions.googleapis.com/v2/projects/mercadolibree-c8db5/locations/us-central1/operations/operation-1730419482765-625ceae9527b4-832f0301-719bbd1d [none]
[debug] [2024-11-01T00:04:42.905Z] <<< [apiv2][status] GET https://cloudfunctions.googleapis.com/v2/projects/mercadolibree-c8db5/locations/us-central1/operations/operation-1730419482765-625ceae9527b4-832f0301-719bbd1d 200
[debug] [2024-11-01T00:04:42.905Z] <<< [apiv2][body] GET https://cloudfunctions.googleapis.com/v2/projects/mercadolibree-c8db5/locations/us-central1/operations/operation-1730419482765-625ceae9527b4-832f0301-719bbd1d {"name":"projects/mercadolibree-c8db5/locations/us-central1/operations/operation-1730419482765-625ceae9527b4-832f0301-719bbd1d","metadata":{"@type":"type.googleapis.com/google.cloud.functions.v2.OperationMetadata","createTime":"2024-11-01T00:04:43.543391109Z","target":"projects/mercadolibree-c8db5/locations/us-central1/functions/api","verb":"update","cancelRequested":false,"apiVersion":"v2","requestResource":{"@type":"type.googleapis.com/google.cloud.functions.v2.Function","name":"projects/mercadolibree-c8db5/locations/us-central1/functions/api","buildConfig":{"runtime":"nodejs18","entryPoint":"api","source":{"storageSource":{"bucket":"gcf-v2-sources-278341544916-us-central1","object":"api/function-source.zip","generation":"1730419483486181"}},"environmentVariables":{"GOOGLE_NODE_RUN_SCRIPTS":""},"dockerRepository":"projects/mercadolibree-c8db5/locations/us-central1/repositories/gcf-artifacts","sourceProvenance":{"resolvedStorageSource":{"bucket":"gcf-v2-sources-278341544916-us-central1","object":"api/function-source.zip","generation":"1730416673885732"}},"dockerRegistry":"ARTIFACT_REGISTRY","serviceAccount":"projects/mercadolibree-c8db5/serviceAccounts/278341544916-compute@developer.gserviceaccount.com","automaticUpdatePolicy":{}},"serviceConfig":{"service":"projects/mercadolibree-c8db5/locations/us-central1/services/api","timeoutSeconds":60,"environmentVariables":{"FIREBASE_CONFIG":"{\"projectId\":\"mercadolibree-c8db5\",\"databaseURL\":\"https://mercadolibree-c8db5-default-rtdb.firebaseio.com\",\"storageBucket\":\"mercadolibree-c8db5.appspot.com\",\"locationId\":\"us-central\"}","GCLOUD_PROJECT":"mercadolibree-c8db5","EVENTARC_CLOUD_EVENT_SOURCE":"projects/mercadolibree-c8db5/locations/us-central1/services/api","FUNCTION_TARGET":"api","LOG_EXECUTION_ID":"true"},"ingressSettings":"ALLOW_ALL","uri":"https://api-qogssigufq-uc.a.run.app","serviceAccountEmail":"278341544916-compute@developer.gserviceaccount.com","availableMemory":"256Mi","allTrafficOnLatestRevision":true,"revision":"api-00001-qid","maxInstanceRequestConcurrency":80,"availableCpu":"1"},"state":"ACTIVE","labels":{"deployment-tool":"cloudfunctions","firebase-functions-hash":"afb27e7dd43f9c647c76de522cc229ca7ab7f1ab"},"environment":"GEN_2","url":"https://us-central1-mercadolibree-c8db5.cloudfunctions.net/api"},"stages":[{"name":"BUILD","state":"NOT_STARTED"},{"name":"SERVICE","state":"NOT_STARTED"}],"operationType":"UPDATE_FUNCTION"},"done":false}
[debug] [2024-11-01T00:04:43.408Z] [update-default-us-central1-api] Retrying task index 0
[debug] [2024-11-01T00:04:43.408Z] Checked if tokens are valid: true, expires at: 1730423007454
[debug] [2024-11-01T00:04:43.408Z] Checked if tokens are valid: true, expires at: 1730423007454
[debug] [2024-11-01T00:04:43.408Z] >>> [apiv2][query] GET https://cloudfunctions.googleapis.com/v2/projects/mercadolibree-c8db5/locations/us-central1/operations/operation-1730419482765-625ceae9527b4-832f0301-719bbd1d [none]
[debug] [2024-11-01T00:04:43.700Z] <<< [apiv2][status] GET https://cloudfunctions.googleapis.com/v2/projects/mercadolibree-c8db5/locations/us-central1/operations/operation-1730419482765-625ceae9527b4-832f0301-719bbd1d 200
[debug] [2024-11-01T00:04:43.700Z] <<< [apiv2][body] GET https://cloudfunctions.googleapis.com/v2/projects/mercadolibree-c8db5/locations/us-central1/operations/operation-1730419482765-625ceae9527b4-832f0301-719bbd1d {"name":"projects/mercadolibree-c8db5/locations/us-central1/operations/operation-1730419482765-625ceae9527b4-832f0301-719bbd1d","metadata":{"@type":"type.googleapis.com/google.cloud.functions.v2.OperationMetadata","createTime":"2024-11-01T00:04:43.543391109Z","target":"projects/mercadolibree-c8db5/locations/us-central1/functions/api","verb":"update","cancelRequested":false,"apiVersion":"v2","requestResource":{"@type":"type.googleapis.com/google.cloud.functions.v2.Function","name":"projects/mercadolibree-c8db5/locations/us-central1/functions/api","buildConfig":{"runtime":"nodejs18","entryPoint":"api","source":{"storageSource":{"bucket":"gcf-v2-sources-278341544916-us-central1","object":"api/function-source.zip","generation":"1730419483486181"}},"environmentVariables":{"GOOGLE_NODE_RUN_SCRIPTS":""},"dockerRepository":"projects/mercadolibree-c8db5/locations/us-central1/repositories/gcf-artifacts","sourceProvenance":{"resolvedStorageSource":{"bucket":"gcf-v2-sources-278341544916-us-central1","object":"api/function-source.zip","generation":"1730416673885732"}},"dockerRegistry":"ARTIFACT_REGISTRY","serviceAccount":"projects/mercadolibree-c8db5/serviceAccounts/278341544916-compute@developer.gserviceaccount.com","automaticUpdatePolicy":{}},"serviceConfig":{"service":"projects/mercadolibree-c8db5/locations/us-central1/services/api","timeoutSeconds":60,"environmentVariables":{"FIREBASE_CONFIG":"{\"projectId\":\"mercadolibree-c8db5\",\"databaseURL\":\"https://mercadolibree-c8db5-default-rtdb.firebaseio.com\",\"storageBucket\":\"mercadolibree-c8db5.appspot.com\",\"locationId\":\"us-central\"}","GCLOUD_PROJECT":"mercadolibree-c8db5","EVENTARC_CLOUD_EVENT_SOURCE":"projects/mercadolibree-c8db5/locations/us-central1/services/api","FUNCTION_TARGET":"api","LOG_EXECUTION_ID":"true"},"ingressSettings":"ALLOW_ALL","uri":"https://api-qogssigufq-uc.a.run.app","serviceAccountEmail":"278341544916-compute@developer.gserviceaccount.com","availableMemory":"256Mi","allTrafficOnLatestRevision":true,"revision":"api-00001-qid","maxInstanceRequestConcurrency":80,"availableCpu":"1"},"state":"ACTIVE","labels":{"deployment-tool":"cloudfunctions","firebase-functions-hash":"afb27e7dd43f9c647c76de522cc229ca7ab7f1ab"},"environment":"GEN_2","url":"https://us-central1-mercadolibree-c8db5.cloudfunctions.net/api"},"stages":[{"name":"BUILD","message":"Build in progress","state":"IN_PROGRESS","resource":"projects/278341544916/locations/us-central1/builds/51452ff4-b8e5-419f-a193-b59132635a24","resourceUri":"https://console.cloud.google.com/cloud-build/builds;region=us-central1/51452ff4-b8e5-419f-a193-b59132635a24?project=278341544916"},{"name":"SERVICE","state":"NOT_STARTED"}],"operationType":"UPDATE_FUNCTION","buildName":"projects/278341544916/locations/us-central1/builds/51452ff4-b8e5-419f-a193-b59132635a24"},"done":false}
[debug] [2024-11-01T00:04:44.708Z] [update-default-us-central1-api] Retrying task index 0
[debug] [2024-11-01T00:04:44.709Z] Checked if tokens are valid: true, expires at: 1730423007454
[debug] [2024-11-01T00:04:44.709Z] Checked if tokens are valid: true, expires at: 1730423007454
[debug] [2024-11-01T00:04:44.709Z] >>> [apiv2][query] GET https://cloudfunctions.googleapis.com/v2/projects/mercadolibree-c8db5/locations/us-central1/operations/operation-1730419482765-625ceae9527b4-832f0301-719bbd1d [none]
[debug] [2024-11-01T00:04:44.997Z] <<< [apiv2][status] GET https://cloudfunctions.googleapis.com/v2/projects/mercadolibree-c8db5/locations/us-central1/operations/operation-1730419482765-625ceae9527b4-832f0301-719bbd1d 200
[debug] [2024-11-01T00:04:44.997Z] <<< [apiv2][body] GET https://cloudfunctions.googleapis.com/v2/projects/mercadolibree-c8db5/locations/us-central1/operations/operation-1730419482765-625ceae9527b4-832f0301-719bbd1d {"name":"projects/mercadolibree-c8db5/locations/us-central1/operations/operation-1730419482765-625ceae9527b4-832f0301-719bbd1d","metadata":{"@type":"type.googleapis.com/google.cloud.functions.v2.OperationMetadata","createTime":"2024-11-01T00:04:43.543391109Z","target":"projects/mercadolibree-c8db5/locations/us-central1/functions/api","verb":"update","cancelRequested":false,"apiVersion":"v2","requestResource":{"@type":"type.googleapis.com/google.cloud.functions.v2.Function","name":"projects/mercadolibree-c8db5/locations/us-central1/functions/api","buildConfig":{"runtime":"nodejs18","entryPoint":"api","source":{"storageSource":{"bucket":"gcf-v2-sources-278341544916-us-central1","object":"api/function-source.zip","generation":"1730419483486181"}},"environmentVariables":{"GOOGLE_NODE_RUN_SCRIPTS":""},"dockerRepository":"projects/mercadolibree-c8db5/locations/us-central1/repositories/gcf-artifacts","sourceProvenance":{"resolvedStorageSource":{"bucket":"gcf-v2-sources-278341544916-us-central1","object":"api/function-source.zip","generation":"1730416673885732"}},"dockerRegistry":"ARTIFACT_REGISTRY","serviceAccount":"projects/mercadolibree-c8db5/serviceAccounts/278341544916-compute@developer.gserviceaccount.com","automaticUpdatePolicy":{}},"serviceConfig":{"service":"projects/mercadolibree-c8db5/locations/us-central1/services/api","timeoutSeconds":60,"environmentVariables":{"FIREBASE_CONFIG":"{\"projectId\":\"mercadolibree-c8db5\",\"databaseURL\":\"https://mercadolibree-c8db5-default-rtdb.firebaseio.com\",\"storageBucket\":\"mercadolibree-c8db5.appspot.com\",\"locationId\":\"us-central\"}","GCLOUD_PROJECT":"mercadolibree-c8db5","EVENTARC_CLOUD_EVENT_SOURCE":"projects/mercadolibree-c8db5/locations/us-central1/services/api","FUNCTION_TARGET":"api","LOG_EXECUTION_ID":"true"},"ingressSettings":"ALLOW_ALL","uri":"https://api-qogssigufq-uc.a.run.app","serviceAccountEmail":"278341544916-compute@developer.gserviceaccount.com","availableMemory":"256Mi","allTrafficOnLatestRevision":true,"revision":"api-00001-qid","maxInstanceRequestConcurrency":80,"availableCpu":"1"},"state":"ACTIVE","labels":{"deployment-tool":"cloudfunctions","firebase-functions-hash":"afb27e7dd43f9c647c76de522cc229ca7ab7f1ab"},"environment":"GEN_2","url":"https://us-central1-mercadolibree-c8db5.cloudfunctions.net/api"},"stages":[{"name":"BUILD","message":"Build in progress","state":"IN_PROGRESS","resource":"projects/278341544916/locations/us-central1/builds/51452ff4-b8e5-419f-a193-b59132635a24","resourceUri":"https://console.cloud.google.com/cloud-build/builds;region=us-central1/51452ff4-b8e5-419f-a193-b59132635a24?project=278341544916"},{"name":"SERVICE","state":"NOT_STARTED"}],"operationType":"UPDATE_FUNCTION","buildName":"projects/278341544916/locations/us-central1/builds/51452ff4-b8e5-419f-a193-b59132635a24"},"done":false}
[debug] [2024-11-01T00:04:47.000Z] [update-default-us-central1-api] Retrying task index 0
[debug] [2024-11-01T00:04:47.001Z] Checked if tokens are valid: true, expires at: 1730423007454
[debug] [2024-11-01T00:04:47.001Z] Checked if tokens are valid: true, expires at: 1730423007454
[debug] [2024-11-01T00:04:47.001Z] >>> [apiv2][query] GET https://cloudfunctions.googleapis.com/v2/projects/mercadolibree-c8db5/locations/us-central1/operations/operation-1730419482765-625ceae9527b4-832f0301-719bbd1d [none]
[debug] [2024-11-01T00:04:47.308Z] <<< [apiv2][status] GET https://cloudfunctions.googleapis.com/v2/projects/mercadolibree-c8db5/locations/us-central1/operations/operation-1730419482765-625ceae9527b4-832f0301-719bbd1d 200
[debug] [2024-11-01T00:04:47.309Z] <<< [apiv2][body] GET https://cloudfunctions.googleapis.com/v2/projects/mercadolibree-c8db5/locations/us-central1/operations/operation-1730419482765-625ceae9527b4-832f0301-719bbd1d {"name":"projects/mercadolibree-c8db5/locations/us-central1/operations/operation-1730419482765-625ceae9527b4-832f0301-719bbd1d","metadata":{"@type":"type.googleapis.com/google.cloud.functions.v2.OperationMetadata","createTime":"2024-11-01T00:04:43.543391109Z","target":"projects/mercadolibree-c8db5/locations/us-central1/functions/api","verb":"update","cancelRequested":false,"apiVersion":"v2","requestResource":{"@type":"type.googleapis.com/google.cloud.functions.v2.Function","name":"projects/mercadolibree-c8db5/locations/us-central1/functions/api","buildConfig":{"runtime":"nodejs18","entryPoint":"api","source":{"storageSource":{"bucket":"gcf-v2-sources-278341544916-us-central1","object":"api/function-source.zip","generation":"1730419483486181"}},"environmentVariables":{"GOOGLE_NODE_RUN_SCRIPTS":""},"dockerRepository":"projects/mercadolibree-c8db5/locations/us-central1/repositories/gcf-artifacts","sourceProvenance":{"resolvedStorageSource":{"bucket":"gcf-v2-sources-278341544916-us-central1","object":"api/function-source.zip","generation":"1730416673885732"}},"dockerRegistry":"ARTIFACT_REGISTRY","serviceAccount":"projects/mercadolibree-c8db5/serviceAccounts/278341544916-compute@developer.gserviceaccount.com","automaticUpdatePolicy":{}},"serviceConfig":{"service":"projects/mercadolibree-c8db5/locations/us-central1/services/api","timeoutSeconds":60,"environmentVariables":{"FIREBASE_CONFIG":"{\"projectId\":\"mercadolibree-c8db5\",\"databaseURL\":\"https://mercadolibree-c8db5-default-rtdb.firebaseio.com\",\"storageBucket\":\"mercadolibree-c8db5.appspot.com\",\"locationId\":\"us-central\"}","GCLOUD_PROJECT":"mercadolibree-c8db5","EVENTARC_CLOUD_EVENT_SOURCE":"projects/mercadolibree-c8db5/locations/us-central1/services/api","FUNCTION_TARGET":"api","LOG_EXECUTION_ID":"true"},"ingressSettings":"ALLOW_ALL","uri":"https://api-qogssigufq-uc.a.run.app","serviceAccountEmail":"278341544916-compute@developer.gserviceaccount.com","availableMemory":"256Mi","allTrafficOnLatestRevision":true,"revision":"api-00001-qid","maxInstanceRequestConcurrency":80,"availableCpu":"1"},"state":"ACTIVE","labels":{"deployment-tool":"cloudfunctions","firebase-functions-hash":"afb27e7dd43f9c647c76de522cc229ca7ab7f1ab"},"environment":"GEN_2","url":"https://us-central1-mercadolibree-c8db5.cloudfunctions.net/api"},"stages":[{"name":"BUILD","message":"Build in progress","state":"IN_PROGRESS","resource":"projects/278341544916/locations/us-central1/builds/51452ff4-b8e5-419f-a193-b59132635a24","resourceUri":"https://console.cloud.google.com/cloud-build/builds;region=us-central1/51452ff4-b8e5-419f-a193-b59132635a24?project=278341544916"},{"name":"SERVICE","state":"NOT_STARTED"}],"operationType":"UPDATE_FUNCTION","buildName":"projects/278341544916/locations/us-central1/builds/51452ff4-b8e5-419f-a193-b59132635a24"},"done":false}
[debug] [2024-11-01T00:04:51.310Z] [update-default-us-central1-api] Retrying task index 0
[debug] [2024-11-01T00:04:51.311Z] Checked if tokens are valid: true, expires at: 1730423007454
[debug] [2024-11-01T00:04:51.311Z] Checked if tokens are valid: true, expires at: 1730423007454
[debug] [2024-11-01T00:04:51.311Z] >>> [apiv2][query] GET https://cloudfunctions.googleapis.com/v2/projects/mercadolibree-c8db5/locations/us-central1/operations/operation-1730419482765-625ceae9527b4-832f0301-719bbd1d [none]
[debug] [2024-11-01T00:04:51.614Z] <<< [apiv2][status] GET https://cloudfunctions.googleapis.com/v2/projects/mercadolibree-c8db5/locations/us-central1/operations/operation-1730419482765-625ceae9527b4-832f0301-719bbd1d 200
[debug] [2024-11-01T00:04:51.614Z] <<< [apiv2][body] GET https://cloudfunctions.googleapis.com/v2/projects/mercadolibree-c8db5/locations/us-central1/operations/operation-1730419482765-625ceae9527b4-832f0301-719bbd1d {"name":"projects/mercadolibree-c8db5/locations/us-central1/operations/operation-1730419482765-625ceae9527b4-832f0301-719bbd1d","metadata":{"@type":"type.googleapis.com/google.cloud.functions.v2.OperationMetadata","createTime":"2024-11-01T00:04:43.543391109Z","target":"projects/mercadolibree-c8db5/locations/us-central1/functions/api","verb":"update","cancelRequested":false,"apiVersion":"v2","requestResource":{"@type":"type.googleapis.com/google.cloud.functions.v2.Function","name":"projects/mercadolibree-c8db5/locations/us-central1/functions/api","buildConfig":{"runtime":"nodejs18","entryPoint":"api","source":{"storageSource":{"bucket":"gcf-v2-sources-278341544916-us-central1","object":"api/function-source.zip","generation":"1730419483486181"}},"environmentVariables":{"GOOGLE_NODE_RUN_SCRIPTS":""},"dockerRepository":"projects/mercadolibree-c8db5/locations/us-central1/repositories/gcf-artifacts","sourceProvenance":{"resolvedStorageSource":{"bucket":"gcf-v2-sources-278341544916-us-central1","object":"api/function-source.zip","generation":"1730416673885732"}},"dockerRegistry":"ARTIFACT_REGISTRY","serviceAccount":"projects/mercadolibree-c8db5/serviceAccounts/278341544916-compute@developer.gserviceaccount.com","automaticUpdatePolicy":{}},"serviceConfig":{"service":"projects/mercadolibree-c8db5/locations/us-central1/services/api","timeoutSeconds":60,"environmentVariables":{"FIREBASE_CONFIG":"{\"projectId\":\"mercadolibree-c8db5\",\"databaseURL\":\"https://mercadolibree-c8db5-default-rtdb.firebaseio.com\",\"storageBucket\":\"mercadolibree-c8db5.appspot.com\",\"locationId\":\"us-central\"}","GCLOUD_PROJECT":"mercadolibree-c8db5","EVENTARC_CLOUD_EVENT_SOURCE":"projects/mercadolibree-c8db5/locations/us-central1/services/api","FUNCTION_TARGET":"api","LOG_EXECUTION_ID":"true"},"ingressSettings":"ALLOW_ALL","uri":"https://api-qogssigufq-uc.a.run.app","serviceAccountEmail":"278341544916-compute@developer.gserviceaccount.com","availableMemory":"256Mi","allTrafficOnLatestRevision":true,"revision":"api-00001-qid","maxInstanceRequestConcurrency":80,"availableCpu":"1"},"state":"ACTIVE","labels":{"deployment-tool":"cloudfunctions","firebase-functions-hash":"afb27e7dd43f9c647c76de522cc229ca7ab7f1ab"},"environment":"GEN_2","url":"https://us-central1-mercadolibree-c8db5.cloudfunctions.net/api"},"stages":[{"name":"BUILD","message":"Build in progress","state":"IN_PROGRESS","resource":"projects/278341544916/locations/us-central1/builds/51452ff4-b8e5-419f-a193-b59132635a24","resourceUri":"https://console.cloud.google.com/cloud-build/builds;region=us-central1/51452ff4-b8e5-419f-a193-b59132635a24?project=278341544916"},{"name":"SERVICE","state":"NOT_STARTED"}],"operationType":"UPDATE_FUNCTION","buildName":"projects/278341544916/locations/us-central1/builds/51452ff4-b8e5-419f-a193-b59132635a24"},"done":false}
[debug] [2024-11-01T00:04:59.617Z] [update-default-us-central1-api] Retrying task index 0
[debug] [2024-11-01T00:04:59.618Z] Checked if tokens are valid: true, expires at: 1730423007454
[debug] [2024-11-01T00:04:59.618Z] Checked if tokens are valid: true, expires at: 1730423007454
[debug] [2024-11-01T00:04:59.618Z] >>> [apiv2][query] GET https://cloudfunctions.googleapis.com/v2/projects/mercadolibree-c8db5/locations/us-central1/operations/operation-1730419482765-625ceae9527b4-832f0301-719bbd1d [none]
[debug] [2024-11-01T00:05:00.032Z] <<< [apiv2][status] GET https://cloudfunctions.googleapis.com/v2/projects/mercadolibree-c8db5/locations/us-central1/operations/operation-1730419482765-625ceae9527b4-832f0301-719bbd1d 200
[debug] [2024-11-01T00:05:00.032Z] <<< [apiv2][body] GET https://cloudfunctions.googleapis.com/v2/projects/mercadolibree-c8db5/locations/us-central1/operations/operation-1730419482765-625ceae9527b4-832f0301-719bbd1d {"name":"projects/mercadolibree-c8db5/locations/us-central1/operations/operation-1730419482765-625ceae9527b4-832f0301-719bbd1d","metadata":{"@type":"type.googleapis.com/google.cloud.functions.v2.OperationMetadata","createTime":"2024-11-01T00:04:43.543391109Z","target":"projects/mercadolibree-c8db5/locations/us-central1/functions/api","verb":"update","cancelRequested":false,"apiVersion":"v2","requestResource":{"@type":"type.googleapis.com/google.cloud.functions.v2.Function","name":"projects/mercadolibree-c8db5/locations/us-central1/functions/api","buildConfig":{"runtime":"nodejs18","entryPoint":"api","source":{"storageSource":{"bucket":"gcf-v2-sources-278341544916-us-central1","object":"api/function-source.zip","generation":"1730419483486181"}},"environmentVariables":{"GOOGLE_NODE_RUN_SCRIPTS":""},"dockerRepository":"projects/mercadolibree-c8db5/locations/us-central1/repositories/gcf-artifacts","sourceProvenance":{"resolvedStorageSource":{"bucket":"gcf-v2-sources-278341544916-us-central1","object":"api/function-source.zip","generation":"1730416673885732"}},"dockerRegistry":"ARTIFACT_REGISTRY","serviceAccount":"projects/mercadolibree-c8db5/serviceAccounts/278341544916-compute@developer.gserviceaccount.com","automaticUpdatePolicy":{}},"serviceConfig":{"service":"projects/mercadolibree-c8db5/locations/us-central1/services/api","timeoutSeconds":60,"environmentVariables":{"FIREBASE_CONFIG":"{\"projectId\":\"mercadolibree-c8db5\",\"databaseURL\":\"https://mercadolibree-c8db5-default-rtdb.firebaseio.com\",\"storageBucket\":\"mercadolibree-c8db5.appspot.com\",\"locationId\":\"us-central\"}","GCLOUD_PROJECT":"mercadolibree-c8db5","EVENTARC_CLOUD_EVENT_SOURCE":"projects/mercadolibree-c8db5/locations/us-central1/services/api","FUNCTION_TARGET":"api","LOG_EXECUTION_ID":"true"},"ingressSettings":"ALLOW_ALL","uri":"https://api-qogssigufq-uc.a.run.app","serviceAccountEmail":"278341544916-compute@developer.gserviceaccount.com","availableMemory":"256Mi","allTrafficOnLatestRevision":true,"revision":"api-00001-qid","maxInstanceRequestConcurrency":80,"availableCpu":"1"},"state":"ACTIVE","labels":{"deployment-tool":"cloudfunctions","firebase-functions-hash":"afb27e7dd43f9c647c76de522cc229ca7ab7f1ab"},"environment":"GEN_2","url":"https://us-central1-mercadolibree-c8db5.cloudfunctions.net/api"},"stages":[{"name":"BUILD","message":"Build in progress","state":"IN_PROGRESS","resource":"projects/278341544916/locations/us-central1/builds/51452ff4-b8e5-419f-a193-b59132635a24","resourceUri":"https://console.cloud.google.com/cloud-build/builds;region=us-central1/51452ff4-b8e5-419f-a193-b59132635a24?project=278341544916"},{"name":"SERVICE","state":"NOT_STARTED"}],"operationType":"UPDATE_FUNCTION","buildName":"projects/278341544916/locations/us-central1/builds/51452ff4-b8e5-419f-a193-b59132635a24"},"done":false}
[debug] [2024-11-01T00:05:10.037Z] [update-default-us-central1-api] Retrying task index 0
[debug] [2024-11-01T00:05:10.037Z] Checked if tokens are valid: true, expires at: 1730423007454
[debug] [2024-11-01T00:05:10.037Z] Checked if tokens are valid: true, expires at: 1730423007454
[debug] [2024-11-01T00:05:10.037Z] >>> [apiv2][query] GET https://cloudfunctions.googleapis.com/v2/projects/mercadolibree-c8db5/locations/us-central1/operations/operation-1730419482765-625ceae9527b4-832f0301-719bbd1d [none]
[debug] [2024-11-01T00:05:10.432Z] <<< [apiv2][status] GET https://cloudfunctions.googleapis.com/v2/projects/mercadolibree-c8db5/locations/us-central1/operations/operation-1730419482765-625ceae9527b4-832f0301-719bbd1d 200
[debug] [2024-11-01T00:05:10.432Z] <<< [apiv2][body] GET https://cloudfunctions.googleapis.com/v2/projects/mercadolibree-c8db5/locations/us-central1/operations/operation-1730419482765-625ceae9527b4-832f0301-719bbd1d {"name":"projects/mercadolibree-c8db5/locations/us-central1/operations/operation-1730419482765-625ceae9527b4-832f0301-719bbd1d","metadata":{"@type":"type.googleapis.com/google.cloud.functions.v2.OperationMetadata","createTime":"2024-11-01T00:04:43.543391109Z","target":"projects/mercadolibree-c8db5/locations/us-central1/functions/api","verb":"update","cancelRequested":false,"apiVersion":"v2","requestResource":{"@type":"type.googleapis.com/google.cloud.functions.v2.Function","name":"projects/mercadolibree-c8db5/locations/us-central1/functions/api","buildConfig":{"runtime":"nodejs18","entryPoint":"api","source":{"storageSource":{"bucket":"gcf-v2-sources-278341544916-us-central1","object":"api/function-source.zip","generation":"1730419483486181"}},"environmentVariables":{"GOOGLE_NODE_RUN_SCRIPTS":""},"dockerRepository":"projects/mercadolibree-c8db5/locations/us-central1/repositories/gcf-artifacts","sourceProvenance":{"resolvedStorageSource":{"bucket":"gcf-v2-sources-278341544916-us-central1","object":"api/function-source.zip","generation":"1730416673885732"}},"dockerRegistry":"ARTIFACT_REGISTRY","serviceAccount":"projects/mercadolibree-c8db5/serviceAccounts/278341544916-compute@developer.gserviceaccount.com","automaticUpdatePolicy":{}},"serviceConfig":{"service":"projects/mercadolibree-c8db5/locations/us-central1/services/api","timeoutSeconds":60,"environmentVariables":{"FIREBASE_CONFIG":"{\"projectId\":\"mercadolibree-c8db5\",\"databaseURL\":\"https://mercadolibree-c8db5-default-rtdb.firebaseio.com\",\"storageBucket\":\"mercadolibree-c8db5.appspot.com\",\"locationId\":\"us-central\"}","GCLOUD_PROJECT":"mercadolibree-c8db5","EVENTARC_CLOUD_EVENT_SOURCE":"projects/mercadolibree-c8db5/locations/us-central1/services/api","FUNCTION_TARGET":"api","LOG_EXECUTION_ID":"true"},"ingressSettings":"ALLOW_ALL","uri":"https://api-qogssigufq-uc.a.run.app","serviceAccountEmail":"278341544916-compute@developer.gserviceaccount.com","availableMemory":"256Mi","allTrafficOnLatestRevision":true,"revision":"api-00001-qid","maxInstanceRequestConcurrency":80,"availableCpu":"1"},"state":"ACTIVE","labels":{"deployment-tool":"cloudfunctions","firebase-functions-hash":"afb27e7dd43f9c647c76de522cc229ca7ab7f1ab"},"environment":"GEN_2","url":"https://us-central1-mercadolibree-c8db5.cloudfunctions.net/api"},"stages":[{"name":"BUILD","message":"Build in progress","state":"IN_PROGRESS","resource":"projects/278341544916/locations/us-central1/builds/51452ff4-b8e5-419f-a193-b59132635a24","resourceUri":"https://console.cloud.google.com/cloud-build/builds;region=us-central1/51452ff4-b8e5-419f-a193-b59132635a24?project=278341544916"},{"name":"SERVICE","state":"NOT_STARTED"}],"operationType":"UPDATE_FUNCTION","buildName":"projects/278341544916/locations/us-central1/builds/51452ff4-b8e5-419f-a193-b59132635a24"},"done":false}
[debug] [2024-11-01T00:05:20.442Z] [update-default-us-central1-api] Retrying task index 0
[debug] [2024-11-01T00:05:20.443Z] Checked if tokens are valid: true, expires at: 1730423007454
[debug] [2024-11-01T00:05:20.443Z] Checked if tokens are valid: true, expires at: 1730423007454
[debug] [2024-11-01T00:05:20.443Z] >>> [apiv2][query] GET https://cloudfunctions.googleapis.com/v2/projects/mercadolibree-c8db5/locations/us-central1/operations/operation-1730419482765-625ceae9527b4-832f0301-719bbd1d [none]
[debug] [2024-11-01T00:05:20.831Z] <<< [apiv2][status] GET https://cloudfunctions.googleapis.com/v2/projects/mercadolibree-c8db5/locations/us-central1/operations/operation-1730419482765-625ceae9527b4-832f0301-719bbd1d 200
[debug] [2024-11-01T00:05:20.832Z] <<< [apiv2][body] GET https://cloudfunctions.googleapis.com/v2/projects/mercadolibree-c8db5/locations/us-central1/operations/operation-1730419482765-625ceae9527b4-832f0301-719bbd1d {"name":"projects/mercadolibree-c8db5/locations/us-central1/operations/operation-1730419482765-625ceae9527b4-832f0301-719bbd1d","metadata":{"@type":"type.googleapis.com/google.cloud.functions.v2.OperationMetadata","createTime":"2024-11-01T00:04:43.543391109Z","target":"projects/mercadolibree-c8db5/locations/us-central1/functions/api","verb":"update","cancelRequested":false,"apiVersion":"v2","requestResource":{"@type":"type.googleapis.com/google.cloud.functions.v2.Function","name":"projects/mercadolibree-c8db5/locations/us-central1/functions/api","buildConfig":{"runtime":"nodejs18","entryPoint":"api","source":{"storageSource":{"bucket":"gcf-v2-sources-278341544916-us-central1","object":"api/function-source.zip","generation":"1730419483486181"}},"environmentVariables":{"GOOGLE_NODE_RUN_SCRIPTS":""},"dockerRepository":"projects/mercadolibree-c8db5/locations/us-central1/repositories/gcf-artifacts","sourceProvenance":{"resolvedStorageSource":{"bucket":"gcf-v2-sources-278341544916-us-central1","object":"api/function-source.zip","generation":"1730416673885732"}},"dockerRegistry":"ARTIFACT_REGISTRY","serviceAccount":"projects/mercadolibree-c8db5/serviceAccounts/278341544916-compute@developer.gserviceaccount.com","automaticUpdatePolicy":{}},"serviceConfig":{"service":"projects/mercadolibree-c8db5/locations/us-central1/services/api","timeoutSeconds":60,"environmentVariables":{"FIREBASE_CONFIG":"{\"projectId\":\"mercadolibree-c8db5\",\"databaseURL\":\"https://mercadolibree-c8db5-default-rtdb.firebaseio.com\",\"storageBucket\":\"mercadolibree-c8db5.appspot.com\",\"locationId\":\"us-central\"}","GCLOUD_PROJECT":"mercadolibree-c8db5","EVENTARC_CLOUD_EVENT_SOURCE":"projects/mercadolibree-c8db5/locations/us-central1/services/api","FUNCTION_TARGET":"api","LOG_EXECUTION_ID":"true"},"ingressSettings":"ALLOW_ALL","uri":"https://api-qogssigufq-uc.a.run.app","serviceAccountEmail":"278341544916-compute@developer.gserviceaccount.com","availableMemory":"256Mi","allTrafficOnLatestRevision":true,"revision":"api-00001-qid","maxInstanceRequestConcurrency":80,"availableCpu":"1"},"state":"ACTIVE","labels":{"deployment-tool":"cloudfunctions","firebase-functions-hash":"afb27e7dd43f9c647c76de522cc229ca7ab7f1ab"},"environment":"GEN_2","url":"https://us-central1-mercadolibree-c8db5.cloudfunctions.net/api"},"stages":[{"name":"BUILD","message":"Build finished","state":"COMPLETE","resource":"projects/278341544916/locations/us-central1/builds/51452ff4-b8e5-419f-a193-b59132635a24","resourceUri":"https://console.cloud.google.com/cloud-build/builds;region=us-central1/51452ff4-b8e5-419f-a193-b59132635a24?project=278341544916"},{"name":"SERVICE","message":"Updating Cloud Run service","state":"IN_PROGRESS","resource":"projects/mercadolibree-c8db5/locations/us-central1/services/api","resourceUri":"https://console.cloud.google.com/run/detail/us-central1/api?project=mercadolibree-c8db5","stateMessages":[{"severity":"INFO","type":"CloudRunServiceNewRevisionTrafficInfo","message":"A new revision will be deployed serving with 100% traffic."}]}],"sourceToken":"Cldwcm9qZWN0cy8yNzgzNDE1NDQ5MTYvbG9jYXRpb25zL3VzLWNlbnRyYWwxL2J1aWxkcy81MTQ1MmZmNC1iOGU1LTQxOWYtYTE5My1iNTkxMzI2MzVhMjQSbnVzLWNlbnRyYWwxLWRvY2tlci5wa2cuZGV2L21lcmNhZG9saWJyZWUtYzhkYjUvZ2NmLWFydGlmYWN0cy9tZXJjYWRvbGlicmVlLS1jOGRiNV9fdXMtLWNlbnRyYWwxX19hcGk6dmVyc2lvbl8xGNTXy/OMCCJAcHJvamVjdHMvbWVyY2Fkb2xpYnJlZS1jOGRiNS9sb2NhdGlvbnMvdXMtY2VudHJhbDEvZnVuY3Rpb25zL2FwaSoLCL+2kLkGEMiI4xMyCG5vZGVqczE4OnYKI2djci5pby9nYWUtcnVudGltZXMvbm9kZWpzMTg6c3RhYmxlEk91cy1jZW50cmFsMS1kb2NrZXIucGtnLmRldi9zZXJ2ZXJsZXNzLXJ1bnRpbWVzL2dvb2dsZS0yMi1mdWxsL3J1bnRpbWVzL25vZGVqczE4QAE=","operationType":"UPDATE_FUNCTION","buildName":"projects/278341544916/locations/us-central1/builds/51452ff4-b8e5-419f-a193-b59132635a24"},"done":false}
[debug] [2024-11-01T00:05:20.832Z] Got source token Cldwcm9qZWN0cy8yNzgzNDE1NDQ5MTYvbG9jYXRpb25zL3VzLWNlbnRyYWwxL2J1aWxkcy81MTQ1MmZmNC1iOGU1LTQxOWYtYTE5My1iNTkxMzI2MzVhMjQSbnVzLWNlbnRyYWwxLWRvY2tlci5wa2cuZGV2L21lcmNhZG9saWJyZWUtYzhkYjUvZ2NmLWFydGlmYWN0cy9tZXJjYWRvbGlicmVlLS1jOGRiNV9fdXMtLWNlbnRyYWwxX19hcGk6dmVyc2lvbl8xGNTXy/OMCCJAcHJvamVjdHMvbWVyY2Fkb2xpYnJlZS1jOGRiNS9sb2NhdGlvbnMvdXMtY2VudHJhbDEvZnVuY3Rpb25zL2FwaSoLCL+2kLkGEMiI4xMyCG5vZGVqczE4OnYKI2djci5pby9nYWUtcnVudGltZXMvbm9kZWpzMTg6c3RhYmxlEk91cy1jZW50cmFsMS1kb2NrZXIucGtnLmRldi9zZXJ2ZXJsZXNzLXJ1bnRpbWVzL2dvb2dsZS0yMi1mdWxsL3J1bnRpbWVzL25vZGVqczE4QAE= for region us-central1
[debug] [2024-11-01T00:05:30.841Z] [update-default-us-central1-api] Retrying task index 0
[debug] [2024-11-01T00:05:30.841Z] Checked if tokens are valid: true, expires at: 1730423007454
[debug] [2024-11-01T00:05:30.841Z] Checked if tokens are valid: true, expires at: 1730423007454
[debug] [2024-11-01T00:05:30.842Z] >>> [apiv2][query] GET https://cloudfunctions.googleapis.com/v2/projects/mercadolibree-c8db5/locations/us-central1/operations/operation-1730419482765-625ceae9527b4-832f0301-719bbd1d [none]
[debug] [2024-11-01T00:05:31.244Z] <<< [apiv2][status] GET https://cloudfunctions.googleapis.com/v2/projects/mercadolibree-c8db5/locations/us-central1/operations/operation-1730419482765-625ceae9527b4-832f0301-719bbd1d 200
[debug] [2024-11-01T00:05:31.244Z] <<< [apiv2][body] GET https://cloudfunctions.googleapis.com/v2/projects/mercadolibree-c8db5/locations/us-central1/operations/operation-1730419482765-625ceae9527b4-832f0301-719bbd1d {"name":"projects/mercadolibree-c8db5/locations/us-central1/operations/operation-1730419482765-625ceae9527b4-832f0301-719bbd1d","metadata":{"@type":"type.googleapis.com/google.cloud.functions.v2.OperationMetadata","createTime":"2024-11-01T00:04:43.543391109Z","endTime":"2024-11-01T00:05:28.226344063Z","target":"projects/mercadolibree-c8db5/locations/us-central1/functions/api","verb":"update","cancelRequested":false,"apiVersion":"v2","requestResource":{"@type":"type.googleapis.com/google.cloud.functions.v2.Function","name":"projects/mercadolibree-c8db5/locations/us-central1/functions/api","buildConfig":{"runtime":"nodejs18","entryPoint":"api","source":{"storageSource":{"bucket":"gcf-v2-sources-278341544916-us-central1","object":"api/function-source.zip","generation":"1730419483486181"}},"environmentVariables":{"GOOGLE_NODE_RUN_SCRIPTS":""},"dockerRepository":"projects/mercadolibree-c8db5/locations/us-central1/repositories/gcf-artifacts","sourceProvenance":{"resolvedStorageSource":{"bucket":"gcf-v2-sources-278341544916-us-central1","object":"api/function-source.zip","generation":"1730416673885732"}},"dockerRegistry":"ARTIFACT_REGISTRY","serviceAccount":"projects/mercadolibree-c8db5/serviceAccounts/278341544916-compute@developer.gserviceaccount.com","automaticUpdatePolicy":{}},"serviceConfig":{"service":"projects/mercadolibree-c8db5/locations/us-central1/services/api","timeoutSeconds":60,"environmentVariables":{"FIREBASE_CONFIG":"{\"projectId\":\"mercadolibree-c8db5\",\"databaseURL\":\"https://mercadolibree-c8db5-default-rtdb.firebaseio.com\",\"storageBucket\":\"mercadolibree-c8db5.appspot.com\",\"locationId\":\"us-central\"}","GCLOUD_PROJECT":"mercadolibree-c8db5","EVENTARC_CLOUD_EVENT_SOURCE":"projects/mercadolibree-c8db5/locations/us-central1/services/api","FUNCTION_TARGET":"api","LOG_EXECUTION_ID":"true"},"ingressSettings":"ALLOW_ALL","uri":"https://api-qogssigufq-uc.a.run.app","serviceAccountEmail":"278341544916-compute@developer.gserviceaccount.com","availableMemory":"256Mi","allTrafficOnLatestRevision":true,"revision":"api-00001-qid","maxInstanceRequestConcurrency":80,"availableCpu":"1"},"state":"ACTIVE","labels":{"deployment-tool":"cloudfunctions","firebase-functions-hash":"afb27e7dd43f9c647c76de522cc229ca7ab7f1ab"},"environment":"GEN_2","url":"https://us-central1-mercadolibree-c8db5.cloudfunctions.net/api"},"stages":[{"name":"SERVICE","state":"NOT_STARTED"}],"operationType":"UPDATE_FUNCTION"},"done":true,"error":{"code":3,"message":"Could not create or update Cloud Run service api, Container Healthcheck failed. Revision 'api-00002-xum' is not ready and cannot serve traffic. The user-provided container failed to start and listen on the port defined provided by the PORT=8080 environment variable within the allocated timeout. This can happen when the container port is misconfigured or if the timeout is too short. The healtcheck timeout can be extended. Logs for this revision might contain more information.\n\nLogs URL: https://console.cloud.google.com/logs/viewer?project=mercadolibree-c8db5&resource=cloud_run_revision/service_name/api/revision_name/api-00002-xum&advancedFilter=resource.type%3D%22cloud_run_revision%22%0Aresource.labels.service_name%3D%22api%22%0Aresource.labels.revision_name%3D%22api-00002-xum%22 \nFor more troubleshooting guidance, see https://cloud.google.com/run/docs/troubleshooting#container-failed-to-start"}}
[debug] [2024-11-01T00:05:31.244Z] Got source token undefined for region us-central1
[error] Could not create or update Cloud Run service api, Container Healthcheck failed. Revision 'api-00002-xum' is not ready and cannot serve traffic. The user-provided container failed to start and listen on the port defined provided by the PORT=8080 environment variable within the allocated timeout. This can happen when the container port is misconfigured or if the timeout is too short. The healtcheck timeout can be extended. Logs for this revision might contain more information.

Logs URL: https://console.cloud.google.com/logs/viewer?project=mercadolibree-c8db5&resource=cloud_run_revision/service_name/api/revision_name/api-00002-xum&advancedFilter=resource.type%3D%22cloud_run_revision%22%0Aresource.labels.service_name%3D%22api%22%0Aresource.labels.revision_name%3D%22api-00002-xum%22 
For more troubleshooting guidance, see https://cloud.google.com/run/docs/troubleshooting#container-failed-to-start
[debug] [2024-11-01T00:05:31.252Z] Total Function Deployment time: 49820
[debug] [2024-11-01T00:05:31.253Z] 1 Functions Deployed
[debug] [2024-11-01T00:05:31.253Z] 1 Functions Errored
[debug] [2024-11-01T00:05:31.253Z] 0 Function Deployments Aborted
[debug] [2024-11-01T00:05:31.253Z] Average Function Deployment time: 49818
[info] 
[info] Functions deploy had errors with the following functions:
	api(us-central1)
[debug] [2024-11-01T00:05:31.444Z] Not printing URL for HTTPS function. Typically this means it didn't match a filter or we failed deployment
[info] i  functions: cleaning up build files... 
[debug] [2024-11-01T00:05:31.446Z] Checked if tokens are valid: true, expires at: 1730423007454
[debug] [2024-11-01T00:05:31.446Z] Checked if tokens are valid: true, expires at: 1730423007454
[debug] [2024-11-01T00:05:31.446Z] Checked if tokens are valid: true, expires at: 1730423007454
[debug] [2024-11-01T00:05:31.446Z] Checked if tokens are valid: true, expires at: 1730423007454
[debug] [2024-11-01T00:05:31.447Z] >>> [apiv2][query] DELETE https://artifactregistry.googleapis.com/v1beta2/projects/mercadolibree-c8db5/locations/us-central1/repositories/gcf-artifacts/packages/api [none]
[debug] [2024-11-01T00:05:31.448Z] >>> [apiv2][query] GET https://us.gcr.io/v2/mercadolibree-c8db5/gcf/us-central1/tags/list [none]
[debug] [2024-11-01T00:05:31.883Z] <<< [apiv2][status] DELETE https://artifactregistry.googleapis.com/v1beta2/projects/mercadolibree-c8db5/locations/us-central1/repositories/gcf-artifacts/packages/api 404
[debug] [2024-11-01T00:05:31.883Z] <<< [apiv2][body] DELETE https://artifactregistry.googleapis.com/v1beta2/projects/mercadolibree-c8db5/locations/us-central1/repositories/gcf-artifacts/packages/api {"error":{"code":404,"message":"Package \"projects/mercadolibree-c8db5/locations/us-central1/repositories/gcf-artifacts/packages/api\" was not found.","status":"NOT_FOUND"}}
[debug] [2024-11-01T00:05:31.955Z] <<< [apiv2][status] GET https://us.gcr.io/v2/mercadolibree-c8db5/gcf/us-central1/tags/list 404
[debug] [2024-11-01T00:05:31.955Z] <<< [apiv2][body] GET https://us.gcr.io/v2/mercadolibree-c8db5/gcf/us-central1/tags/list {"errors":[{"code":"NAME_UNKNOWN","message":"Repository \"us.gcr.io\" not found"}]}
[debug] [2024-11-01T00:05:31.956Z] Failed docker command with error  Request to https://us.gcr.io/v2/mercadolibree-c8db5/gcf/us-central1/tags/list had HTTP Error: 404, Not Found {"name":"FirebaseError","children":[],"context":{"body":{"errors":[{"code":"NAME_UNKNOWN","message":"Repository \"us.gcr.io\" not found"}],"error":{"message":"Not Found"}},"response":{"statusCode":404}},"exit":1,"message":"Request to https://us.gcr.io/v2/mercadolibree-c8db5/gcf/us-central1/tags/list had HTTP Error: 404, Not Found","status":404}
[debug] [2024-11-01T00:05:31.969Z] Checked if tokens are valid: true, expires at: 1730423007454
[debug] [2024-11-01T00:05:31.969Z] Checked if tokens are valid: true, expires at: 1730423007454
[debug] [2024-11-01T00:05:31.969Z] >>> [apiv2][query] GET https://us.gcr.io/v2/mercadolibree-c8db5/gcf/us-central1/tags/list [none]
[debug] [2024-11-01T00:05:32.175Z] <<< [apiv2][status] GET https://us.gcr.io/v2/mercadolibree-c8db5/gcf/us-central1/tags/list 404
[debug] [2024-11-01T00:05:32.175Z] <<< [apiv2][body] GET https://us.gcr.io/v2/mercadolibree-c8db5/gcf/us-central1/tags/list {"errors":[{"code":"NAME_UNKNOWN","message":"Repository \"us.gcr.io\" not found"}]}
[debug] [2024-11-01T00:05:32.175Z] Failed docker command with error  Request to https://us.gcr.io/v2/mercadolibree-c8db5/gcf/us-central1/tags/list had HTTP Error: 404, Not Found {"name":"FirebaseError","children":[],"context":{"body":{"errors":[{"code":"NAME_UNKNOWN","message":"Repository \"us.gcr.io\" not found"}],"error":{"message":"Not Found"}},"response":{"statusCode":404}},"exit":1,"message":"Request to https://us.gcr.io/v2/mercadolibree-c8db5/gcf/us-central1/tags/list had HTTP Error: 404, Not Found","status":404}
[debug] [2024-11-01T00:05:32.286Z] Checked if tokens are valid: true, expires at: 1730423007454
[debug] [2024-11-01T00:05:32.287Z] Checked if tokens are valid: true, expires at: 1730423007454
[debug] [2024-11-01T00:05:32.287Z] >>> [apiv2][query] GET https://us.gcr.io/v2/mercadolibree-c8db5/gcf/us-central1/tags/list [none]
[debug] [2024-11-01T00:05:32.484Z] <<< [apiv2][status] GET https://us.gcr.io/v2/mercadolibree-c8db5/gcf/us-central1/tags/list 404
[debug] [2024-11-01T00:05:32.484Z] <<< [apiv2][body] GET https://us.gcr.io/v2/mercadolibree-c8db5/gcf/us-central1/tags/list {"errors":[{"code":"NAME_UNKNOWN","message":"Repository \"us.gcr.io\" not found"}]}
[debug] [2024-11-01T00:05:32.485Z] Failed docker command with error  Request to https://us.gcr.io/v2/mercadolibree-c8db5/gcf/us-central1/tags/list had HTTP Error: 404, Not Found {"name":"FirebaseError","children":[],"context":{"body":{"errors":[{"code":"NAME_UNKNOWN","message":"Repository \"us.gcr.io\" not found"}],"error":{"message":"Not Found"}},"response":{"statusCode":404}},"exit":1,"message":"Request to https://us.gcr.io/v2/mercadolibree-c8db5/gcf/us-central1/tags/list had HTTP Error: 404, Not Found","status":404}
[warn] !  functions: Unhandled error cleaning up build images. This could result in a small monthly bill if not corrected. You can attempt to delete these images by redeploying or you can delete them manually at https://console.cloud.google.com/gcr/images/mercadolibree-c8db5/us/gcf 
[debug] [2024-11-01T00:05:32.486Z] Functions deploy failed.
[debug] [2024-11-01T00:05:32.486Z] {
  "endpoint": {
    "id": "api",
    "project": "mercadolibree-c8db5",
    "region": "us-central1",
    "entryPoint": "api",
    "platform": "gcfv2",
    "runtime": "nodejs18",
    "httpsTrigger": {},
    "labels": {
      "deployment-tool": "cli-firebase"
    },
    "ingressSettings": null,
    "availableMemoryMb": null,
    "serviceAccount": null,
    "timeoutSeconds": null,
    "maxInstances": null,
    "minInstances": null,
    "concurrency": 80,
    "vpc": null,
    "environmentVariables": {
      "FIREBASE_CONFIG": "{\"projectId\":\"mercadolibree-c8db5\",\"databaseURL\":\"https://mercadolibree-c8db5-default-rtdb.firebaseio.com\",\"storageBucket\":\"mercadolibree-c8db5.appspot.com\",\"locationId\":\"us-central\"}",
      "GCLOUD_PROJECT": "mercadolibree-c8db5",
      "EVENTARC_CLOUD_EVENT_SOURCE": "projects/mercadolibree-c8db5/locations/us-central1/services/api",
      "FUNCTION_TARGET": "api",
      "LOG_EXECUTION_ID": "true"
    },
    "codebase": "default",
    "runServiceId": "api",
    "cpu": 1,
    "securityLevel": "SECURE_ALWAYS",
    "targetedByOnly": false,
    "hash": "afb27e7dd43f9c647c76de522cc229ca7ab7f1ab"
  },
  "op": "update",
  "original": {
    "name": "FirebaseError",
    "children": [],
    "exit": 1,
    "message": "Could not create or update Cloud Run service api, Container Healthcheck failed. Revision 'api-00002-xum' is not ready and cannot serve traffic. The user-provided container failed to start and listen on the port defined provided by the PORT=8080 environment variable within the allocated timeout. This can happen when the container port is misconfigured or if the timeout is too short. The healtcheck timeout can be extended. Logs for this revision might contain more information.\n\nLogs URL: https://console.cloud.google.com/logs/viewer?project=mercadolibree-c8db5&resource=cloud_run_revision/service_name/api/revision_name/api-00002-xum&advancedFilter=resource.type%3D%22cloud_run_revision%22%0Aresource.labels.service_name%3D%22api%22%0Aresource.labels.revision_name%3D%22api-00002-xum%22 \nFor more troubleshooting guidance, see https://cloud.google.com/run/docs/troubleshooting#container-failed-to-start",
    "original": {
      "code": 3,
      "message": "Could not create or update Cloud Run service api, Container Healthcheck failed. Revision 'api-00002-xum' is not ready and cannot serve traffic. The user-provided container failed to start and listen on the port defined provided by the PORT=8080 environment variable within the allocated timeout. This can happen when the container port is misconfigured or if the timeout is too short. The healtcheck timeout can be extended. Logs for this revision might contain more information.\n\nLogs URL: https://console.cloud.google.com/logs/viewer?project=mercadolibree-c8db5&resource=cloud_run_revision/service_name/api/revision_name/api-00002-xum&advancedFilter=resource.type%3D%22cloud_run_revision%22%0Aresource.labels.service_name%3D%22api%22%0Aresource.labels.revision_name%3D%22api-00002-xum%22 \nFor more troubleshooting guidance, see https://cloud.google.com/run/docs/troubleshooting#container-failed-to-start"
    },
    "status": 3,
    "code": 3
  }
}
[debug] [2024-11-01T00:05:32.623Z] Error: Failed to update function api in region us-central1
    at C:\Users\manup\AppData\Roaming\npm\node_modules\firebase-tools\lib\deploy\functions\release\fabricator.js:399:19
    at process.processTicksAndRejections (node:internal/process/task_queues:95:5)
    at async Fabricator.updateV2Function (C:\Users\manup\AppData\Roaming\npm\node_modules\firebase-tools\lib\deploy\functions\release\fabricator.js:388:32)
    at async Fabricator.updateEndpoint (C:\Users\manup\AppData\Roaming\npm\node_modules\firebase-tools\lib\deploy\functions\release\fabricator.js:155:13)
    at async handle (C:\Users\manup\AppData\Roaming\npm\node_modules\firebase-tools\lib\deploy\functions\release\fabricator.js:89:17)
[error] 
[error] Error: There was an error deploying functions
